Microsoft (R) Macro Assembler Version 14.29.30146.0	    12/04/22 16:03:14
DosBox\test.asm						     Page 1 - 1


				.486
				IDEAL
DosBox\test.asm(2) : error A2008:syntax error : IDEAL
				MODEL small
DosBox\test.asm(3) : error A2008:syntax error : MODEL
				STACK 256d
DosBox\test.asm(4) : error A2008:syntax error : STACK
				DATASEG	
DosBox\test.asm(5) : error A2008:syntax error : DATASEG

				CODESEG
DosBox\test.asm(7) : error A2008:syntax error : CODESEG
				    includelib "DrawFunction\UtilLib.inc"
				    includelib "DrawFunction\GrLib.inc"   
				start:
DosBox\test.asm(10) : error A2034:must be in segment block
				    mov ax, @data
DosBox\test.asm(11) : error A2034:must be in segment block
				    mov ds,ax
DosBox\test.asm(12) : error A2034:must be in segment block

				    ; Init library with double buffering flag on
				    mov ax, TRUE
DosBox\test.asm(15) : error A2034:must be in segment block
				    ut_init_lib ax
DosBox\test.asm(16) : error A2008:syntax error : ax
				  
				    ; Allocate double buffering memory space
				    call AllocateDblBuffer
DosBox\test.asm(19) : error A2034:must be in segment block

				    ; set display to VGA mode
				    gr_set_video_mode_vga
DosBox\test.asm(22) : error A2008:syntax error : gr_set_video_mode_vga

				    ; Set initial pen color
				    gr_set_color GR_COLOR_GREEN
DosBox\test.asm(25) : error A2008:syntax error : gr_set_color

				    ; your code here - we will draw a line...
				    grm_DrawLine  10, 10, 200, 200
DosBox\test.asm(28) : error A2008:syntax error : grm_DrawLine

				exit:
DosBox\test.asm(30) : error A2034:must be in segment block
				    call WaitForKeypress    
DosBox\test.asm(31) : error A2034:must be in segment block
				    call ReleaseDblBuffer
DosBox\test.asm(32) : error A2034:must be in segment block
				    gr_set_video_mode_txt
DosBox\test.asm(33) : error A2008:syntax error : gr_set_video_mode_txt
				    return 0
DosBox\test.asm(34) : error A2008:syntax error : return
				END start    
Microsoft (R) Macro Assembler Version 14.29.30146.0	    12/04/22 16:03:14
DosBox\test.asm						     Symbols 2 - 1



	   0 Warnings
	   21 Errors
