Microsoft (R) Macro Assembler Version 14.29.30146.0	    11/30/22 19:14:09
DosBox\test.asm						     Page 1 - 1


				; 定義數據段，存放數據
 0000				data segment
				    ; db 是定義接下來的數據為單字節的意思，
				    ; '$'是字串的結尾，類似 C 的 '\0'
 0000 0D 0A 48 65 6C 6C		    string db 13,10,'Hello World!',13,10,'$'
       6F 20 57 6F 72 6C
       64 21 0D 0A 24
 0011				data ends

				; 定義代碼段，執行的程式碼
 0000				code segment
				    ; 偽指令，告訴組譯器代碼段的對應
				    assume cs:code, ds:data
 0000				start:
				;完整呼叫
 0000  B9 000A			mov cx,10             ;x座標
 0003  BA 000A			mov dx,10             ;y座標
 0006  B0 0C			mov al,1100b          ;淡紅色
 0008  B4 0C			mov ah,0ch            ;寫入點像
 000A  CD 10			int 10h               ;呼叫中斷
 000C				code ends

				end start   ; 讓組譯器知道程式的進入點
Microsoft (R) Macro Assembler Version 14.29.30146.0	    11/30/22 19:14:09
DosBox\test.asm						     Symbols 2 - 1




Segments and Groups:

                N a m e                 Size     Length   Align   Combine Class

code . . . . . . . . . . . . . .	16 Bit	 000C	  	  Private 
data . . . . . . . . . . . . . .	16 Bit	 0011	  	  Private 


Symbols:

                N a m e                 Type     Value    Attr

start  . . . . . . . . . . . . .	L Near	 0000	  code	Public
string . . . . . . . . . . . . .	Byte	 0000	  data	

	   1 Warnings
	   0 Errors
